--------------------------------------------------------------------------------
Release 14.7 Trace  (lin64)
Copyright (c) 1995-2013 Xilinx, Inc.  All rights reserved.

/opt/Xilinx/14.7/ISE_DS/ISE/bin/lin64/unwrapped/trce -intstyle ise -v 3 -s 3 -n
3 -fastpaths -xml sixteenBitAdder.twx sixteenBitAdder.ncd -o
sixteenBitAdder.twr sixteenBitAdder.pcf

Design file:              sixteenBitAdder.ncd
Physical constraint file: sixteenBitAdder.pcf
Device,package,speed:     xc7a100t,csg324,C,-3 (PRODUCTION 1.10 2013-10-13)
Report level:             verbose report

Environment Variable      Effect 
--------------------      ------ 
NONE                      No environment variables were set
--------------------------------------------------------------------------------

INFO:Timing:2698 - No timing constraints found, doing default enumeration.
INFO:Timing:3412 - To improve timing, see the Timing Closure User Guide (UG612).
INFO:Timing:2752 - To get complete path coverage, use the unconstrained paths 
   option. All paths that are not constrained will be reported in the 
   unconstrained paths section(s) of the report.
INFO:Timing:3339 - The clock-to-out numbers in this timing report are based on 
   a 50 Ohm transmission line loading model.  For the details of this model, 
   and for more information on accounting for different loading conditions, 
   please see the device datasheet.



Data Sheet report:
-----------------
All values displayed in nanoseconds (ns)

Pad to Pad
---------------+---------------+---------+
Source Pad     |Destination Pad|  Delay  |
---------------+---------------+---------+
a<0>           |co<0>          |    7.313|
a<0>           |sum<0>         |    6.247|
a<0>           |sum<1>         |    6.469|
a<0>           |sum<2>         |    6.567|
a<0>           |sum<3>         |    6.571|
a<0>           |sum<4>         |    6.748|
a<0>           |sum<5>         |    6.809|
a<0>           |sum<6>         |    6.788|
a<0>           |sum<7>         |    6.836|
a<0>           |sum<8>         |    6.873|
a<0>           |sum<9>         |    7.057|
a<0>           |sum<10>        |    7.043|
a<0>           |sum<11>        |    7.107|
a<0>           |sum<12>        |    7.260|
a<0>           |sum<13>        |    7.216|
a<0>           |sum<14>        |    7.261|
a<0>           |sum<15>        |    7.682|
a<1>           |co<0>          |    7.016|
a<1>           |sum<1>         |    6.017|
a<1>           |sum<2>         |    6.273|
a<1>           |sum<3>         |    6.278|
a<1>           |sum<4>         |    6.451|
a<1>           |sum<5>         |    6.512|
a<1>           |sum<6>         |    6.491|
a<1>           |sum<7>         |    6.539|
a<1>           |sum<8>         |    6.576|
a<1>           |sum<9>         |    6.760|
a<1>           |sum<10>        |    6.746|
a<1>           |sum<11>        |    6.810|
a<1>           |sum<12>        |    6.963|
a<1>           |sum<13>        |    6.919|
a<1>           |sum<14>        |    6.964|
a<1>           |sum<15>        |    7.385|
a<2>           |co<0>          |    6.941|
a<2>           |sum<2>         |    6.070|
a<2>           |sum<3>         |    6.104|
a<2>           |sum<4>         |    6.376|
a<2>           |sum<5>         |    6.437|
a<2>           |sum<6>         |    6.416|
a<2>           |sum<7>         |    6.464|
a<2>           |sum<8>         |    6.501|
a<2>           |sum<9>         |    6.685|
a<2>           |sum<10>        |    6.671|
a<2>           |sum<11>        |    6.735|
a<2>           |sum<12>        |    6.888|
a<2>           |sum<13>        |    6.844|
a<2>           |sum<14>        |    6.889|
a<2>           |sum<15>        |    7.310|
a<3>           |co<0>          |    6.879|
a<3>           |sum<3>         |    5.969|
a<3>           |sum<4>         |    6.314|
a<3>           |sum<5>         |    6.375|
a<3>           |sum<6>         |    6.354|
a<3>           |sum<7>         |    6.402|
a<3>           |sum<8>         |    6.439|
a<3>           |sum<9>         |    6.623|
a<3>           |sum<10>        |    6.609|
a<3>           |sum<11>        |    6.673|
a<3>           |sum<12>        |    6.826|
a<3>           |sum<13>        |    6.782|
a<3>           |sum<14>        |    6.827|
a<3>           |sum<15>        |    7.248|
a<4>           |co<0>          |    6.741|
a<4>           |sum<4>         |    5.922|
a<4>           |sum<5>         |    6.030|
a<4>           |sum<6>         |    6.155|
a<4>           |sum<7>         |    6.194|
a<4>           |sum<8>         |    6.301|
a<4>           |sum<9>         |    6.485|
a<4>           |sum<10>        |    6.471|
a<4>           |sum<11>        |    6.535|
a<4>           |sum<12>        |    6.688|
a<4>           |sum<13>        |    6.644|
a<4>           |sum<14>        |    6.689|
a<4>           |sum<15>        |    7.110|
a<5>           |co<0>          |    7.156|
a<5>           |sum<5>         |    6.290|
a<5>           |sum<6>         |    6.573|
a<5>           |sum<7>         |    6.613|
a<5>           |sum<8>         |    6.716|
a<5>           |sum<9>         |    6.900|
a<5>           |sum<10>        |    6.886|
a<5>           |sum<11>        |    6.950|
a<5>           |sum<12>        |    7.103|
a<5>           |sum<13>        |    7.059|
a<5>           |sum<14>        |    7.104|
a<5>           |sum<15>        |    7.525|
a<6>           |co<0>          |    6.838|
a<6>           |sum<6>         |    6.127|
a<6>           |sum<7>         |    6.196|
a<6>           |sum<8>         |    6.398|
a<6>           |sum<9>         |    6.582|
a<6>           |sum<10>        |    6.568|
a<6>           |sum<11>        |    6.632|
a<6>           |sum<12>        |    6.785|
a<6>           |sum<13>        |    6.741|
a<6>           |sum<14>        |    6.786|
a<6>           |sum<15>        |    7.207|
a<7>           |co<0>          |    6.627|
a<7>           |sum<7>         |    5.912|
a<7>           |sum<8>         |    6.187|
a<7>           |sum<9>         |    6.371|
a<7>           |sum<10>        |    6.357|
a<7>           |sum<11>        |    6.421|
a<7>           |sum<12>        |    6.574|
a<7>           |sum<13>        |    6.530|
a<7>           |sum<14>        |    6.575|
a<7>           |sum<15>        |    6.996|
a<8>           |co<0>          |    6.635|
a<8>           |sum<8>         |    5.941|
a<8>           |sum<9>         |    6.172|
a<8>           |sum<10>        |    6.304|
a<8>           |sum<11>        |    6.359|
a<8>           |sum<12>        |    6.582|
a<8>           |sum<13>        |    6.538|
a<8>           |sum<14>        |    6.583|
a<8>           |sum<15>        |    7.004|
a<9>           |co<0>          |    6.611|
a<9>           |sum<9>         |    5.993|
a<9>           |sum<10>        |    6.283|
a<9>           |sum<11>        |    6.339|
a<9>           |sum<12>        |    6.558|
a<9>           |sum<13>        |    6.514|
a<9>           |sum<14>        |    6.559|
a<9>           |sum<15>        |    6.980|
a<10>          |co<0>          |    6.494|
a<10>          |sum<10>        |    6.038|
a<10>          |sum<11>        |    6.123|
a<10>          |sum<12>        |    6.441|
a<10>          |sum<13>        |    6.397|
a<10>          |sum<14>        |    6.442|
a<10>          |sum<15>        |    6.863|
a<11>          |co<0>          |    6.505|
a<11>          |sum<11>        |    6.061|
a<11>          |sum<12>        |    6.452|
a<11>          |sum<13>        |    6.408|
a<11>          |sum<14>        |    6.453|
a<11>          |sum<15>        |    6.874|
a<12>          |co<0>          |    6.478|
a<12>          |sum<12>        |    6.171|
a<12>          |sum<13>        |    6.174|
a<12>          |sum<14>        |    6.365|
a<12>          |sum<15>        |    6.778|
a<13>          |co<0>          |    6.253|
a<13>          |sum<13>        |    5.794|
a<13>          |sum<14>        |    6.143|
a<13>          |sum<15>        |    6.557|
a<14>          |co<0>          |    6.411|
a<14>          |sum<14>        |    6.173|
a<14>          |sum<15>        |    6.616|
a<15>          |co<0>          |    6.278|
a<15>          |sum<15>        |    6.410|
b<0>           |co<0>          |    7.012|
b<0>           |sum<0>         |    5.946|
b<0>           |sum<1>         |    6.168|
b<0>           |sum<2>         |    6.266|
b<0>           |sum<3>         |    6.270|
b<0>           |sum<4>         |    6.447|
b<0>           |sum<5>         |    6.508|
b<0>           |sum<6>         |    6.487|
b<0>           |sum<7>         |    6.535|
b<0>           |sum<8>         |    6.572|
b<0>           |sum<9>         |    6.756|
b<0>           |sum<10>        |    6.742|
b<0>           |sum<11>        |    6.806|
b<0>           |sum<12>        |    6.959|
b<0>           |sum<13>        |    6.915|
b<0>           |sum<14>        |    6.960|
b<0>           |sum<15>        |    7.381|
b<1>           |co<0>          |    8.460|
b<1>           |sum<1>         |    7.461|
b<1>           |sum<2>         |    7.717|
b<1>           |sum<3>         |    7.722|
b<1>           |sum<4>         |    7.895|
b<1>           |sum<5>         |    7.956|
b<1>           |sum<6>         |    7.935|
b<1>           |sum<7>         |    7.983|
b<1>           |sum<8>         |    8.020|
b<1>           |sum<9>         |    8.204|
b<1>           |sum<10>        |    8.190|
b<1>           |sum<11>        |    8.254|
b<1>           |sum<12>        |    8.407|
b<1>           |sum<13>        |    8.363|
b<1>           |sum<14>        |    8.408|
b<1>           |sum<15>        |    8.829|
b<2>           |co<0>          |    8.504|
b<2>           |sum<2>         |    7.633|
b<2>           |sum<3>         |    7.667|
b<2>           |sum<4>         |    7.939|
b<2>           |sum<5>         |    8.000|
b<2>           |sum<6>         |    7.979|
b<2>           |sum<7>         |    8.027|
b<2>           |sum<8>         |    8.064|
b<2>           |sum<9>         |    8.248|
b<2>           |sum<10>        |    8.234|
b<2>           |sum<11>        |    8.298|
b<2>           |sum<12>        |    8.451|
b<2>           |sum<13>        |    8.407|
b<2>           |sum<14>        |    8.452|
b<2>           |sum<15>        |    8.873|
b<3>           |co<0>          |    8.545|
b<3>           |sum<3>         |    7.635|
b<3>           |sum<4>         |    7.980|
b<3>           |sum<5>         |    8.041|
b<3>           |sum<6>         |    8.020|
b<3>           |sum<7>         |    8.068|
b<3>           |sum<8>         |    8.105|
b<3>           |sum<9>         |    8.289|
b<3>           |sum<10>        |    8.275|
b<3>           |sum<11>        |    8.339|
b<3>           |sum<12>        |    8.492|
b<3>           |sum<13>        |    8.448|
b<3>           |sum<14>        |    8.493|
b<3>           |sum<15>        |    8.914|
b<4>           |co<0>          |    8.511|
b<4>           |sum<4>         |    7.692|
b<4>           |sum<5>         |    7.800|
b<4>           |sum<6>         |    7.925|
b<4>           |sum<7>         |    7.964|
b<4>           |sum<8>         |    8.071|
b<4>           |sum<9>         |    8.255|
b<4>           |sum<10>        |    8.241|
b<4>           |sum<11>        |    8.305|
b<4>           |sum<12>        |    8.458|
b<4>           |sum<13>        |    8.414|
b<4>           |sum<14>        |    8.459|
b<4>           |sum<15>        |    8.880|
b<5>           |co<0>          |    8.341|
b<5>           |sum<5>         |    7.475|
b<5>           |sum<6>         |    7.758|
b<5>           |sum<7>         |    7.798|
b<5>           |sum<8>         |    7.901|
b<5>           |sum<9>         |    8.085|
b<5>           |sum<10>        |    8.071|
b<5>           |sum<11>        |    8.135|
b<5>           |sum<12>        |    8.288|
b<5>           |sum<13>        |    8.244|
b<5>           |sum<14>        |    8.289|
b<5>           |sum<15>        |    8.710|
b<6>           |co<0>          |    8.259|
b<6>           |sum<6>         |    7.548|
b<6>           |sum<7>         |    7.617|
b<6>           |sum<8>         |    7.819|
b<6>           |sum<9>         |    8.003|
b<6>           |sum<10>        |    7.989|
b<6>           |sum<11>        |    8.053|
b<6>           |sum<12>        |    8.206|
b<6>           |sum<13>        |    8.162|
b<6>           |sum<14>        |    8.207|
b<6>           |sum<15>        |    8.628|
b<7>           |co<0>          |    7.802|
b<7>           |sum<7>         |    7.087|
b<7>           |sum<8>         |    7.362|
b<7>           |sum<9>         |    7.546|
b<7>           |sum<10>        |    7.532|
b<7>           |sum<11>        |    7.596|
b<7>           |sum<12>        |    7.749|
b<7>           |sum<13>        |    7.705|
b<7>           |sum<14>        |    7.750|
b<7>           |sum<15>        |    8.171|
b<8>           |co<0>          |    8.286|
b<8>           |sum<8>         |    7.592|
b<8>           |sum<9>         |    7.823|
b<8>           |sum<10>        |    7.955|
b<8>           |sum<11>        |    8.010|
b<8>           |sum<12>        |    8.233|
b<8>           |sum<13>        |    8.189|
b<8>           |sum<14>        |    8.234|
b<8>           |sum<15>        |    8.655|
b<9>           |co<0>          |    7.835|
b<9>           |sum<9>         |    7.217|
b<9>           |sum<10>        |    7.507|
b<9>           |sum<11>        |    7.563|
b<9>           |sum<12>        |    7.782|
b<9>           |sum<13>        |    7.738|
b<9>           |sum<14>        |    7.783|
b<9>           |sum<15>        |    8.204|
b<10>          |co<0>          |    7.741|
b<10>          |sum<10>        |    7.285|
b<10>          |sum<11>        |    7.370|
b<10>          |sum<12>        |    7.688|
b<10>          |sum<13>        |    7.644|
b<10>          |sum<14>        |    7.689|
b<10>          |sum<15>        |    8.110|
b<11>          |co<0>          |    7.776|
b<11>          |sum<11>        |    7.332|
b<11>          |sum<12>        |    7.723|
b<11>          |sum<13>        |    7.679|
b<11>          |sum<14>        |    7.724|
b<11>          |sum<15>        |    8.145|
b<12>          |co<0>          |    8.147|
b<12>          |sum<12>        |    7.840|
b<12>          |sum<13>        |    7.843|
b<12>          |sum<14>        |    8.034|
b<12>          |sum<15>        |    8.447|
b<13>          |co<0>          |    8.004|
b<13>          |sum<13>        |    7.545|
b<13>          |sum<14>        |    7.894|
b<13>          |sum<15>        |    8.308|
b<14>          |co<0>          |    7.475|
b<14>          |sum<14>        |    7.237|
b<14>          |sum<15>        |    7.680|
b<15>          |co<0>          |    7.630|
b<15>          |sum<15>        |    7.762|
cin            |co<0>          |    6.831|
cin            |sum<0>         |    5.880|
cin            |sum<1>         |    6.063|
cin            |sum<2>         |    6.059|
cin            |sum<3>         |    6.062|
cin            |sum<4>         |    6.266|
cin            |sum<5>         |    6.327|
cin            |sum<6>         |    6.306|
cin            |sum<7>         |    6.354|
cin            |sum<8>         |    6.391|
cin            |sum<9>         |    6.575|
cin            |sum<10>        |    6.561|
cin            |sum<11>        |    6.625|
cin            |sum<12>        |    6.778|
cin            |sum<13>        |    6.734|
cin            |sum<14>        |    6.779|
cin            |sum<15>        |    7.200|
---------------+---------------+---------+


Analysis completed Thu Apr  4 04:08:54 2024 
--------------------------------------------------------------------------------

Trace Settings:
-------------------------
Trace Settings 

Peak Memory Usage: 753 MB



